// Jest Snapshot v1, https://goo.gl/fbAQLP

exports[`UMN Header Header renders correctly 1`] = `ShallowWrapper {}`;
