// Jest Snapshot v1, https://goo.gl/fbAQLP

exports[`Index - entry point All items renders correctly 1`] = `ReactWrapper {}`;
