// Jest Snapshot v1, https://goo.gl/fbAQLP

exports[`LockIcon LockIcon renders correctly 1`] = `ShallowWrapper {}`;
