// Jest Snapshot v1, https://goo.gl/fbAQLP

exports[`SearchIcon SearchIcon renders correctly 1`] = `ShallowWrapper {}`;
