// Jest Snapshot v1, https://goo.gl/fbAQLP

exports[`WordMark Wordmark renders correctly without props 1`] = `ShallowWrapper {}`;
