// Jest Snapshot v1, https://goo.gl/fbAQLP

exports[`UMN Footer Footer renders correctly 1`] = `
<styled.footer
  role="contentinfo"
>
  <MainNavLinks
    mode="footer"
  />
  <p>
    Â© 
    <span
      className="year"
    >
      1234
    </span>
     Regents of the University of Minnesota. All rights reserved. The University of Minnesota is an equal opportunity educator and employer.
     
    <styled.a
      href="http://privacy.umn.edu"
    >
      Privacy Statement
    </styled.a>
  </p>
</styled.footer>
`;
